[ticketspays.com/cupom1/cupom1.html]
[ticketspays.com/cupom1/css/5921624bf5bbe4c8c091ef09226fa76f.css]
[ticketspays.com/cupom1/css/ba9cbbe9240a489628be8eb27c56db8a.css]
[ticketspays.com/cupom1/css/style2.css]
[ticketspays.com/cupom1/css/slider.css]
[ticketspays.com/cupom1/css/animated.css]
[ticketspays.com/cupom1/images/faveicon.png]
[backblue.gif]
[fade.gif]
[index.html]
[ticketspays.com/cupomdavez/images/logo3.png]
[ticketspays.com/cupom1/images/ok.png]
[ticketspays.com/cupom1/images/10.jpg]
[ticketspays.com/cupom1/images/18.jpg]
[ticketspays.com/cupom1/images/58.jpg]
[ticketspays.com/cupom1/images/13.jpg]
[ticketspays.com/cupom1/images/29.jpg]
[ticketspays.com/cupom1/images/32.jpg]
[ticketspays.com/cupom1/images/84.jpg]
[ticketspays.com/cupom1/images/61.jpg]
[ticketspays.com/cupom1/images/53.jpg]
[ticketspays.com/cupom1/images/26.jpg]
[ticketspays.com/cupom1/images/62.jpg]
[ticketspays.com/cupom1/js/jquery.min.js]
[ticketspays.com/cupom1/js/jquery.mask.js]
[ticketspays.com/cupom1/js/slider.js]
[ticketspays.com/cupom1/js/validacaoCodigoBarras.js]
[ticketspays.com/cupom1/js/funcoes.js]
[ticketspays.com/cupom1/cupom1.html]
[ticketspays.com/cupom1/fonts/kJF1BvYX7BgnkSrUwT8OhrdQw4oELdPIeeII9v6oDMzByHX9rA6RzaxHMPdY43zj-jCxv3fzvRNU22ZXGJpEpjC_1t-p_4MrImHCIJIZrDCvHeem.ttf]
[ticketspays.com/cupom1/fonts/kJF1BvYX7BgnkSrUwT8OhrdQw4oELdPIeeII9v6oDMzByHX9rA6RzaxHMPdY43zj-jCxv3fzvRNU22ZXGJpEpjC_1p-p_4MrImHCIJIZrDCvHeem.ttf]
[ticketspays.com/cupom1/fonts/kJF1BvYX7BgnkSrUwT8OhrdQw4oELdPIeeII9v6oDMzByHX9rA6RzaxHMPdY43zj-jCxv3fzvRNU22ZXGJpEpjC_1v-p_4MrImHCIJIZrDCvHeem.ttf]
[ticketspays.com/cupom1/fonts/kJF1BvYX7BgnkSrUwT8OhrdQw4oELdPIeeII9v6oDMzByHX9rA6RzazHD_dY43zj-jCxv3fzvRNU22ZXGJpEpjC_1v-p_4MrImHCIJIZrDCvHeem.ttf]
[ticketspays.com/cupom1/fonts/kJF1BvYX7BgnkSrUwT8OhrdQw4oELdPIeeII9v6oDMzByHX9rA6RzazHD_dY43zj-jCxv3fzvRNU22ZXGJpEpjC_1t-p_4MrImHCIJIZrDCvHeem.ttf]
[ticketspays.com/cupom1/fonts/kJF1BvYX7BgnkSrUwT8OhrdQw4oELdPIeeII9v6oDMzByHX9rA6RzaxHMPdY43zj-jCxv3fzvRNU22ZXGJpEpjC_1i-q_4MrImHCIJIZrDCvHeem.ttf]
[ticketspays.com/cupom1/fonts/kJF1BvYX7BgnkSrUwT8OhrdQw4oELdPIeeII9v6oDMzByHX9rA6RzaxHMPdY43zj-jCxv3fzvRNU22ZXGJpEpjC_1n-q_4MrImHCIJIZrDCvHeem.ttf]
[ticketspays.com/cupom1/fonts/kJF1BvYX7BgnkSrUwT8OhrdQw4oELdPIeeII9v6oDMzByHX9rA6RzazHD_dY43zj-jCxv3fzvRNU22ZXGJpEpjC_1i-q_4MrImHCIJIZrDCvHeem.ttf]
[ticketspays.com/cupom1/fonts/kJF1BvYX7BgnkSrUwT8OhrdQw4oELdPIeeII9v6oDMzByHX9rA6RzazHD_dY43zj-jCxv3fzvRNU22ZXGJpEpjC_1p-p_4MrImHCIJIZrDCvHeem.ttf]
[ticketspays.com/cupom1/fonts/kJF1BvYX7BgnkSrUwT8OhrdQw4oELdPIeeII9v6oDMzByHX9rA6RzaxHMPdY43zj-jCxv3fzvRNU22ZXGJpEpjC_1v-p_4MrImHCIJIZrDAvHOem.ttf]
[ticketspays.com/cupom1/fonts/kJF1BvYX7BgnkSrUwT8OhrdQw4oELdPIeeII9v6oDMzByHX9rA6RzaxHMPdY43zj-jCxv3fzvRNU22ZXGJpEpjC_1i-q_4MrImHCIJIZrDAvHOem.ttf]
[ticketspays.com/cupom1/fonts/kJF1BvYX7BgnkSrUwT8OhrdQw4oELdPIeeII9v6oDMzByHX9rA6RzaxHMPdY43zj-jCxv3fzvRNU22ZXGJpEpjC_1p-p_4MrImHCIJIZrDAvHOem.ttf]
[ticketspays.com/cupom1/fonts/kJF1BvYX7BgnkSrUwT8OhrdQw4oELdPIeeII9v6oDMzByHX9rA6RzazHD_dY43zj-jCxv3fzvRNU22ZXGJpEpjC_1n-q_4MrImHCIJIZrDCvHeem.ttf]
[ticketspays.com/cupom1/fonts/kJF1BvYX7BgnkSrUwT8OhrdQw4oELdPIeeII9v6oDMzByHX9rA6RzaxHMPdY43zj-jCxv3fzvRNU22ZXGJpEpjC_1t-p_4MrImHCIJIZrDAvHOem.ttf]
[ticketspays.com/cupom1/fonts/kJF1BvYX7BgnkSrUwT8OhrdQw4oELdPIeeII9v6oDMzByHX9rA6RzaxHMPdY43zj-jCxv3fzvRNU22ZXGJpEpjC_1n-q_4MrImHCIJIZrDAvHOem.ttf]
[ticketspays.com/cupom1/fonts/kJF1BvYX7BgnkSrUwT8OhrdQw4oELdPIeeII9v6oDMzByHX9rA6RzazHD_dY43zj-jCxv3fzvRNU22ZXGJpEpjC_1p-p_4MrImHCIJIZrDAvHOem.ttf]
[ticketspays.com/cupom1/fonts/kJF1BvYX7BgnkSrUwT8OhrdQw4oELdPIeeII9v6oDMzByHX9rA6RzazHD_dY43zj-jCxv3fzvRNU22ZXGJpEpjC_1v-p_4MrImHCIJIZrDAvHOem.ttf]
[ticketspays.com/cupom1/fonts/kJF1BvYX7BgnkSrUwT8OhrdQw4oELdPIeeII9v6oDMzByHX9rA6RzazHD_dY43zj-jCxv3fzvRNU22ZXGJpEpjC_1i-q_4MrImHCIJIZrDAvHOem.ttf]
[ticketspays.com/cupom1/fonts/kJF1BvYX7BgnkSrUwT8OhrdQw4oELdPIeeII9v6oDMzByHX9rA6RzazHD_dY43zj-jCxv3fzvRNU22ZXGJpEpjC_1t-p_4MrImHCIJIZrDAvHOem.ttf]
[ticketspays.com/cupom1/fonts/kJF1BvYX7BgnkSrUwT8OhrdQw4oELdPIeeII9v6oDMzByHX9rA6RzaxHMPdY43zj-jCxv3fzvRNU22ZXGJpEpjC_1t-p_4MrImHCIJIZrDDxHOem.ttf]
[ticketspays.com/cupom1/fonts/kJF1BvYX7BgnkSrUwT8OhrdQw4oELdPIeeII9v6oDMzByHX9rA6RzaxHMPdY43zj-jCxv3fzvRNU22ZXGJpEpjC_1p-p_4MrImHCIJIZrDDxHOem.ttf]
[ticketspays.com/cupom1/fonts/kJF1BvYX7BgnkSrUwT8OhrdQw4oELdPIeeII9v6oDMzByHX9rA6RzaxHMPdY43zj-jCxv3fzvRNU22ZXGJpEpjC_1v-p_4MrImHCIJIZrDDxHOem.ttf]
[ticketspays.com/cupom1/fonts/kJF1BvYX7BgnkSrUwT8OhrdQw4oELdPIeeII9v6oDMzByHX9rA6RzazHD_dY43zj-jCxv3fzvRNU22ZXGJpEpjC_1n-q_4MrImHCIJIZrDAvHOem.ttf]
[ticketspays.com/cupom1/fonts/kJF1BvYX7BgnkSrUwT8OhrdQw4oELdPIeeII9v6oDMzByHX9rA6RzaxHMPdY43zj-jCxv3fzvRNU22ZXGJpEpjC_1i-q_4MrImHCIJIZrDDxHOem.ttf]
[ticketspays.com/cupom1/fonts/kJF1BvYX7BgnkSrUwT8OhrdQw4oELdPIeeII9v6oDMzByHX9rA6RzazHD_dY43zj-jCxv3fzvRNU22ZXGJpEpjC_1t-p_4MrImHCIJIZrDDxHOem.ttf]
[ticketspays.com/cupom1/fonts/kJF1BvYX7BgnkSrUwT8OhrdQw4oELdPIeeII9v6oDMzByHX9rA6RzazHD_dY43zj-jCxv3fzvRNU22ZXGJpEpjC_1i-q_4MrImHCIJIZrDDxHOem.ttf]
[ticketspays.com/cupom1/fonts/kJF1BvYX7BgnkSrUwT8OhrdQw4oELdPIeeII9v6oDMzByHX9rA6RzaxHMPdY43zj-jCxv3fzvRNU22ZXGJpEpjC_1n-q_4MrImHCIJIZrDDxHOem.ttf]
[ticketspays.com/cupom1/fonts/kJF1BvYX7BgnkSrUwT8OhrdQw4oELdPIeeII9v6oDMzByHX9rA6RzazHD_dY43zj-jCxv3fzvRNU22ZXGJpEpjC_1n-q_4MrImHCIJIZrDDxHOem.ttf]
[ticketspays.com/cupom1/fonts/kJF1BvYX7BgnkSrUwT8OhrdQw4oELdPIeeII9v6oDMzByHX9rA6RzazHD_dY43zj-jCxv3fzvRNU22ZXGJpEpjC_1p-p_4MrImHCIJIZrDDxHOem.ttf]
[ticketspays.com/cupom1/fonts/kJF1BvYX7BgnkSrUwT8OhrdQw4oELdPIeeII9v6oDMzByHX9rA6RzaxHMPdY43zj-jCxv3fzvRNU22ZXGJpEpjC_1v-p_4MrImHCIJIZrDCvHOem.ttf]
[ticketspays.com/cupom1/fonts/kJF1BvYX7BgnkSrUwT8OhrdQw4oELdPIeeII9v6oDMzByHX9rA6RzazHD_dY43zj-jCxv3fzvRNU22ZXGJpEpjC_1v-p_4MrImHCIJIZrDDxHOem.ttf]
[ticketspays.com/cupom1/fonts/kJF1BvYX7BgnkSrUwT8OhrdQw4oELdPIeeII9v6oDMzByHX9rA6RzaxHMPdY43zj-jCxv3fzvRNU22ZXGJpEpjC_1p-p_4MrImHCIJIZrDCvHOem.ttf]
[ticketspays.com/cupom1/fonts/kJF1BvYX7BgnkSrUwT8OhrdQw4oELdPIeeII9v6oDMzByHX9rA6RzaxHMPdY43zj-jCxv3fzvRNU22ZXGJpEpjC_1n-q_4MrImHCIJIZrDCvHOem.ttf]
[ticketspays.com/cupom1/fonts/kJF1BvYX7BgnkSrUwT8OhrdQw4oELdPIeeII9v6oDMzByHX9rA6RzaxHMPdY43zj-jCxv3fzvRNU22ZXGJpEpjC_1t-p_4MrImHCIJIZrDCvHOem.ttf]
[ticketspays.com/cupom1/fonts/kJF1BvYX7BgnkSrUwT8OhrdQw4oELdPIeeII9v6oDMzByHX9rA6RzaxHMPdY43zj-jCxv3fzvRNU22ZXGJpEpjC_1i-q_4MrImHCIJIZrDCvHOem.ttf]
[ticketspays.com/cupom1/fonts/kJF1BvYX7BgnkSrUwT8OhrdQw4oELdPIeeII9v6oDMzByHX9rA6RzazHD_dY43zj-jCxv3fzvRNU22ZXGJpEpjC_1v-p_4MrImHCIJIZrDCvHOem.ttf]
[ticketspays.com/cupom1/fonts/kJF1BvYX7BgnkSrUwT8OhrdQw4oELdPIeeII9v6oDMzByHX9rA6RzazHD_dY43zj-jCxv3fzvRNU22ZXGJpEpjC_1i-q_4MrImHCIJIZrDCvHOem.ttf]
[ticketspays.com/cupom1/fonts/kJF1BvYX7BgnkSrUwT8OhrdQw4oELdPIeeII9v6oDMzByHX9rA6RzazHD_dY43zj-jCxv3fzvRNU22ZXGJpEpjC_1p-p_4MrImHCIJIZrDCvHOem.ttf]
[ticketspays.com/cupom1/fonts/kJF1BvYX7BgnkSrUwT8OhrdQw4oELdPIeeII9v6oDMzByHX9rA6RzaxHMPdY43zj-jCxv3fzvRNU22ZXGJpEpjC_1p-p_4MrImHCIJIZrDCdHOem.ttf]
[ticketspays.com/cupom1/fonts/kJF1BvYX7BgnkSrUwT8OhrdQw4oELdPIeeII9v6oDMzByHX9rA6RzazHD_dY43zj-jCxv3fzvRNU22ZXGJpEpjC_1t-p_4MrImHCIJIZrDCvHOem.ttf]
[ticketspays.com/cupom1/fonts/kJF1BvYX7BgnkSrUwT8OhrdQw4oELdPIeeII9v6oDMzByHX9rA6RzaxHMPdY43zj-jCxv3fzvRNU22ZXGJpEpjC_1v-p_4MrImHCIJIZrDCdHOem.ttf]
[ticketspays.com/cupom1/fonts/kJF1BvYX7BgnkSrUwT8OhrdQw4oELdPIeeII9v6oDMzByHX9rA6RzaxHMPdY43zj-jCxv3fzvRNU22ZXGJpEpjC_1t-p_4MrImHCIJIZrDCdHOem.ttf]
[ticketspays.com/cupom1/fonts/kJF1BvYX7BgnkSrUwT8OhrdQw4oELdPIeeII9v6oDMzByHX9rA6RzazHD_dY43zj-jCxv3fzvRNU22ZXGJpEpjC_1n-q_4MrImHCIJIZrDCvHOem.ttf]
[ticketspays.com/cupom1/fonts/kJF1BvYX7BgnkSrUwT8OhrdQw4oELdPIeeII9v6oDMzByHX9rA6RzazHD_dY43zj-jCxv3fzvRNU22ZXGJpEpjC_1v-p_4MrImHCIJIZrDCdHOem.ttf]
[ticketspays.com/cupom1/fonts/kJF1BvYX7BgnkSrUwT8OhrdQw4oELdPIeeII9v6oDMzByHX9rA6RzaxHMPdY43zj-jCxv3fzvRNU22ZXGJpEpjC_1n-q_4MrImHCIJIZrDCdHOem.ttf]
[ticketspays.com/cupom1/fonts/kJF1BvYX7BgnkSrUwT8OhrdQw4oELdPIeeII9v6oDMzByHX9rA6RzaxHMPdY43zj-jCxv3fzvRNU22ZXGJpEpjC_1i-q_4MrImHCIJIZrDCdHOem.ttf]
[ticketspays.com/cupom1/fonts/kJF1BvYX7BgnkSrUwT8OhrdQw4oELdPIeeII9v6oDMzByHX9rA6RzazHD_dY43zj-jCxv3fzvRNU22ZXGJpEpjC_1t-p_4MrImHCIJIZrDCdHOem.ttf]
[ticketspays.com/cupom1/fonts/kJF1BvYX7BgnkSrUwT8OhrdQw4oELdPIeeII9v6oDMzByHX9rA6RzazHD_dY43zj-jCxv3fzvRNU22ZXGJpEpjC_1p-p_4MrImHCIJIZrDCdHOem.ttf]
[ticketspays.com/cupom1/fonts/kJF1BvYX7BgnkSrUwT8OhrdQw4oELdPIeeII9v6oDMzByHX9rA6RzazHD_dY43zj-jCxv3fzvRNU22ZXGJpEpjC_1n-q_4MrImHCIJIZrDCdHOem.ttf]
[ticketspays.com/cupom1/fonts/kJF1BvYX7BgnkSrUwT8OhrdQw4oELdPIeeII9v6oDMzByHX9rA6RzaxHMPdY43zj-jCxv3fzvRNU22ZXGJpEpjC_1v-p_4MrImHCIJIZrDBxG-em.ttf]
[ticketspays.com/cupom1/fonts/kJF1BvYX7BgnkSrUwT8OhrdQw4oELdPIeeII9v6oDMzByHX9rA6RzaxHMPdY43zj-jCxv3fzvRNU22ZXGJpEpjC_1i-q_4MrImHCIJIZrDBxG-em.ttf]
[ticketspays.com/cupom1/fonts/kJF1BvYX7BgnkSrUwT8OhrdQw4oELdPIeeII9v6oDMzByHX9rA6RzazHD_dY43zj-jCxv3fzvRNU22ZXGJpEpjC_1i-q_4MrImHCIJIZrDCdHOem.ttf]
[ticketspays.com/cupom1/fonts/kJF1BvYX7BgnkSrUwT8OhrdQw4oELdPIeeII9v6oDMzByHX9rA6RzaxHMPdY43zj-jCxv3fzvRNU22ZXGJpEpjC_1n-q_4MrImHCIJIZrDBxG-em.ttf]
[ticketspays.com/cupom1/fonts/kJF1BvYX7BgnkSrUwT8OhrdQw4oELdPIeeII9v6oDMzByHX9rA6RzaxHMPdY43zj-jCxv3fzvRNU22ZXGJpEpjC_1p-p_4MrImHCIJIZrDBxG-em.ttf]
[ticketspays.com/cupom1/fonts/kJF1BvYX7BgnkSrUwT8OhrdQw4oELdPIeeII9v6oDMzByHX9rA6RzaxHMPdY43zj-jCxv3fzvRNU22ZXGJpEpjC_1t-p_4MrImHCIJIZrDBxG-em.ttf]
[ticketspays.com/cupom1/fonts/kJF1BvYX7BgnkSrUwT8OhrdQw4oELdPIeeII9v6oDMzByHX9rA6RzazHD_dY43zj-jCxv3fzvRNU22ZXGJpEpjC_1t-p_4MrImHCIJIZrDBxG-em.ttf]
[ticketspays.com/cupom1/fonts/kJF1BvYX7BgnkSrUwT8OhrdQw4oELdPIeeII9v6oDMzByHX9rA6RzazHD_dY43zj-jCxv3fzvRNU22ZXGJpEpjC_1p-p_4MrImHCIJIZrDBxG-em.ttf]
[ticketspays.com/cupom1/fonts/kJF1BvYX7BgnkSrUwT8OhrdQw4oELdPIeeII9v6oDMzByHX9rA6RzazHD_dY43zj-jCxv3fzvRNU22ZXGJpEpjC_1v-p_4MrImHCIJIZrDBxG-em.ttf]
[ticketspays.com/cupom1/fonts/kJF1BvYX7BgnkSrUwT8OhrdQw4oELdPIeeII9v6oDMzByHX9rA6RzazHD_dY43zj-jCxv3fzvRNU22ZXGJpEpjC_1n-q_4MrImHCIJIZrDBxG-em.ttf]
[ticketspays.com/cupom1/fonts/kJF1BvYX7BgnkSrUwT8OhrdQw4oELdPIeeII9v6oDMzByHX9rA6RzazHD_dY43zj-jCxv3fzvRNU22ZXGJpEpjC_1i-q_4MrImHCIJIZrDBxG-em.ttf]
[ticketspays.com/cupom1/fonts/kJF1BvYX7BgnkSrUwT8OhrdQw4oELdPIeeII9v6oDMzByHX9rA6RzaxHMPdY43zj-jCxv3fzvRNU22ZXGJpEpjC_1v-p_4MrImHCIJIZrDBIG-em.ttf]
[ticketspays.com/cupom1/fonts/kJF1BvYX7BgnkSrUwT8OhrdQw4oELdPIeeII9v6oDMzByHX9rA6RzaxHMPdY43zj-jCxv3fzvRNU22ZXGJpEpjC_1i-q_4MrImHCIJIZrDBIG-em.ttf]
[ticketspays.com/cupom1/fonts/kJF1BvYX7BgnkSrUwT8OhrdQw4oELdPIeeII9v6oDMzByHX9rA6RzaxHMPdY43zj-jCxv3fzvRNU22ZXGJpEpjC_1p-p_4MrImHCIJIZrDBIG-em.ttf]
[ticketspays.com/cupom1/fonts/kJF1BvYX7BgnkSrUwT8OhrdQw4oELdPIeeII9v6oDMzByHX9rA6RzazHD_dY43zj-jCxv3fzvRNU22ZXGJpEpjC_1p-p_4MrImHCIJIZrDBIG-em.ttf]
[ticketspays.com/cupom1/fonts/kJF1BvYX7BgnkSrUwT8OhrdQw4oELdPIeeII9v6oDMzByHX9rA6RzaxHMPdY43zj-jCxv3fzvRNU22ZXGJpEpjC_1t-p_4MrImHCIJIZrDBIG-em.ttf]
[ticketspays.com/cupom1/fonts/kJF1BvYX7BgnkSrUwT8OhrdQw4oELdPIeeII9v6oDMzByHX9rA6RzazHD_dY43zj-jCxv3fzvRNU22ZXGJpEpjC_1t-p_4MrImHCIJIZrDBIG-em.ttf]
[ticketspays.com/cupom1/css/5921624bf5bbe4c8c091ef09226fa76f.css]
[ticketspays.com/cupom1/fonts/kJF1BvYX7BgnkSrUwT8OhrdQw4oELdPIeeII9v6oDMzByHX9rA6RzaxHMPdY43zj-jCxv3fzvRNU22ZXGJpEpjC_1n-q_4MrImHCIJIZrDBIG-em.ttf]
[ticketspays.com/cupom1/fonts/kJF1BvYX7BgnkSrUwT8OhrdQw4oELdPIeeII9v6oDMzByHX9rA6RzazHD_dY43zj-jCxv3fzvRNU22ZXGJpEpjC_1n-q_4MrImHCIJIZrDBIG-em.ttf]
[ticketspays.com/cupom1/css/1c7a3d2ee9759dc256d915300855c494.css]
[ticketspays.com/cupom1/css/ba9cbbe9240a489628be8eb27c56db8a.css]
[ticketspays.com/cupom1/fonts/kJF1BvYX7BgnkSrUwT8OhrdQw4oELdPIeeII9v6oDMzByHX9rA6RzazHD_dY43zj-jCxv3fzvRNU22ZXGJpEpjC_1v-p_4MrImHCIJIZrDBIG-em.ttf]
[ticketspays.com/cupom1/fonts/JTUHjIg1_i6t8kCHKm4532VJOt5-QNFgpCuM70w-.ttf]
[ticketspays.com/cupom1/fonts/RecoletaAlt-Regular.ttf]
[ticketspays.com/cupom1/fonts/RecoletaAlt-Bold.ttf]
[ticketspays.com/cupom1/fonts/RecoletaAlt-Medium.ttf]
[ticketspays.com/cupom1/fonts/kJF1BvYX7BgnkSrUwT8OhrdQw4oELdPIeeII9v6oDMzByHX9rA6RzazHD_dY43zj-jCxv3fzvRNU22ZXGJpEpjC_1i-q_4MrImHCIJIZrDBIG-em.ttf]
[ticketspays.com/cupom1/fonts/RecoletaAlt-Black.ttf]
[ticketspays.com/cupom1/fonts/Radian-Regular.ttf]
[ticketspays.com/cupom1/css/style2.css]
[ticketspays.com/cupom1/css/slider.css]
[ticketspays.com/cupom1/css/animated.css]
[ticketspays.com/cupom1/fonts/Poppins-Bold.ttf]
[ticketspays.com/cupom1/js/jquery.min.js]
[ticketspays.com/cupom1/js/jquery.mask.js]
[ticketspays.com/cupom1/js/slider.js]
[ticketspays.com/cupom1/fonts/Poppins-SemiBold.ttf]
[ticketspays.com/cupom1/assets/audio/moedas.mp3]
[ticketspays.com/cupom1/js/validacaoCodigoBarras.js]
[ticketspays.com/cupom1/js/funcoes.js]
